------------------------------------------------------------
TimeQuest Timing Analyzer Summary
------------------------------------------------------------

Type  : Slow 1100mV 85C Model Setup 'clk'
Slack : -0.114
TNS   : -0.114

Type  : Slow 1100mV 85C Model Hold 'clk'
Slack : 0.409
TNS   : 0.000

Type  : Slow 1100mV 85C Model Minimum Pulse Width 'clk'
Slack : -0.724
TNS   : -2.216

Type  : Slow 1100mV 0C Model Setup 'clk'
Slack : -0.066
TNS   : -0.066

Type  : Slow 1100mV 0C Model Hold 'clk'
Slack : 0.396
TNS   : 0.000

Type  : Slow 1100mV 0C Model Minimum Pulse Width 'clk'
Slack : -0.724
TNS   : -2.223

Type  : Fast 1100mV 85C Model Setup 'clk'
Slack : 0.501
TNS   : 0.000

Type  : Fast 1100mV 85C Model Hold 'clk'
Slack : 0.189
TNS   : 0.000

Type  : Fast 1100mV 85C Model Minimum Pulse Width 'clk'
Slack : -0.081
TNS   : -0.160

Type  : Fast 1100mV 0C Model Setup 'clk'
Slack : 0.530
TNS   : 0.000

Type  : Fast 1100mV 0C Model Hold 'clk'
Slack : 0.171
TNS   : 0.000

Type  : Fast 1100mV 0C Model Minimum Pulse Width 'clk'
Slack : -0.082
TNS   : -0.162

------------------------------------------------------------
